Testing path operations...
42
nil
Testing binary operations with validation...
5
1
1
Testing unary boolean operations...
false
true
Testing binary numeric operations...
true
false
true
true
true
true
3
Testing n-ary numeric operations...
6
24
Testing print operations...
direct print test
42
true
false
