Evaluation error: SutraError { kind: Eval(EvalError { message: "Type mismatch in call to '+'\n\nExpected argument of type Number, but received String.\n\nArgument provided: string \"hello\" (from expression: string \"hello\")", expanded_code: "\"hello\"", original_code: None, suggestion: Some("Arithmetic operations require numbers. Convert strings to numbers if needed Consider parsing the string to a number if it contains numeric data.") }), span: Some(Span { start: 219, end: 232 }) }