Macro expansion error: Expansion { span: Span { start: 1433, end: 1445 }, macro_name: "print", message: "Macro expansion failed: Validation Error: Expected 2 arguments, but got 4 (at 1433:1445)", source_error_kind: Some(Validation("Expected 2 arguments, but got 4")), suggestion: None, source_span: Some(Span { start: 1433, end: 1445 }) }